
------------------------------------------------------------
Project ':app'
------------------------------------------------------------

releaseRuntimeClasspath - Runtime classpath of '/release'.
+--- androidx.databinding:viewbinding:8.8.0
|    \--- androidx.annotation:annotation:1.0.0 -> 1.6.0
|         \--- androidx.annotation:annotation-jvm:1.6.0
|              \--- org.jetbrains.kotlin:kotlin-stdlib:1.8.0 -> 2.2.10
|                   +--- org.jetbrains:annotations:13.0 -> 23.0.0
|                   +--- org.jetbrains.kotlin:kotlin-stdlib-jdk8:1.8.0 -> 1.9.10 (c)
|                   +--- org.jetbrains.kotlin:kotlin-stdlib-common:2.2.10 (c)
|                   \--- org.jetbrains.kotlin:kotlin-stdlib-jdk7:1.8.0 -> 1.9.10 (c)
+--- org.jetbrains.kotlin:kotlin-stdlib:2.0.21 -> 2.2.10 (*)
+--- androidx.core:core-ktx:1.12.0 -> 1.13.0
|    +--- androidx.annotation:annotation:1.1.0 -> 1.6.0 (*)
|    +--- androidx.core:core:1.13.0
|    |    +--- androidx.annotation:annotation:1.6.0 (*)
|    |    +--- androidx.annotation:annotation-experimental:1.4.0
|    |    |    \--- org.jetbrains.kotlin:kotlin-stdlib:1.7.10 -> 2.2.10 (*)
|    |    +--- androidx.collection:collection:1.0.0 -> 1.1.0
|    |    |    \--- androidx.annotation:annotation:1.1.0 -> 1.6.0 (*)
|    |    +--- androidx.concurrent:concurrent-futures:1.0.0 -> 1.2.0
|    |    |    +--- androidx.annotation:annotation:1.1.0 -> 1.6.0 (*)
|    |    |    \--- com.google.guava:listenablefuture:1.0 -> 9999.0-empty-to-avoid-conflict-with-guava
|    |    +--- androidx.interpolator:interpolator:1.0.0
|    |    |    \--- androidx.annotation:annotation:1.0.0 -> 1.6.0 (*)
|    |    +--- androidx.lifecycle:lifecycle-runtime:2.6.2 -> 2.7.0
|    |    |    +--- androidx.annotation:annotation:1.1.0 -> 1.6.0 (*)
|    |    |    +--- androidx.arch.core:core-common:2.2.0
|    |    |    |    \--- androidx.annotation:annotation:1.1.0 -> 1.6.0 (*)
|    |    |    +--- androidx.arch.core:core-runtime:2.2.0
|    |    |    |    +--- androidx.annotation:annotation:1.1.0 -> 1.6.0 (*)
|    |    |    |    \--- androidx.arch.core:core-common:2.2.0 (*)
|    |    |    +--- androidx.lifecycle:lifecycle-common:2.7.0
|    |    |    |    +--- androidx.annotation:annotation:1.1.0 -> 1.6.0 (*)
|    |    |    |    +--- org.jetbrains.kotlin:kotlin-stdlib:1.8.22 -> 2.2.10 (*)
|    |    |    |    +--- org.jetbrains.kotlinx:kotlinx-coroutines-android:1.7.1 -> 1.8.0
|    |    |    |    |    +--- org.jetbrains.kotlinx:kotlinx-coroutines-core:1.8.0
|    |    |    |    |    |    \--- org.jetbrains.kotlinx:kotlinx-coroutines-core-jvm:1.8.0
|    |    |    |    |    |         +--- org.jetbrains:annotations:23.0.0
|    |    |    |    |    |         +--- org.jetbrains.kotlinx:kotlinx-coroutines-bom:1.8.0
|    |    |    |    |    |         |    +--- org.jetbrains.kotlinx:kotlinx-coroutines-android:1.8.0 (c)
|    |    |    |    |    |         |    +--- org.jetbrains.kotlinx:kotlinx-coroutines-core:1.8.0 (c)
|    |    |    |    |    |         |    \--- org.jetbrains.kotlinx:kotlinx-coroutines-core-jvm:1.8.0 (c)
|    |    |    |    |    |         \--- org.jetbrains.kotlin:kotlin-stdlib:1.9.21 -> 2.2.10 (*)
|    |    |    |    |    +--- org.jetbrains.kotlinx:kotlinx-coroutines-bom:1.8.0 (*)
|    |    |    |    |    \--- org.jetbrains.kotlin:kotlin-stdlib:1.9.21 -> 2.2.10 (*)
|    |    |    |    +--- org.jetbrains.kotlinx:kotlinx-coroutines-core:1.7.1 -> 1.8.0 (*)
|    |    |    |    +--- androidx.lifecycle:lifecycle-livedata-core:2.7.0 (c)
|    |    |    |    +--- androidx.lifecycle:lifecycle-livedata-core-ktx:2.7.0 (c)
|    |    |    |    +--- androidx.lifecycle:lifecycle-process:2.7.0 (c)
|    |    |    |    +--- androidx.lifecycle:lifecycle-runtime:2.7.0 (c)
|    |    |    |    +--- androidx.lifecycle:lifecycle-runtime-ktx:2.7.0 (c)
|    |    |    |    +--- androidx.lifecycle:lifecycle-viewmodel:2.7.0 (c)
|    |    |    |    +--- androidx.lifecycle:lifecycle-viewmodel-ktx:2.7.0 (c)
|    |    |    |    +--- androidx.lifecycle:lifecycle-viewmodel-savedstate:2.7.0 (c)
|    |    |    |    \--- androidx.lifecycle:lifecycle-livedata:2.7.0 (c)
|    |    |    +--- androidx.profileinstaller:profileinstaller:1.3.0 -> 1.3.1
|    |    |    |    +--- androidx.annotation:annotation:1.2.0 -> 1.6.0 (*)
|    |    |    |    +--- androidx.concurrent:concurrent-futures:1.1.0 -> 1.2.0 (*)
|    |    |    |    +--- androidx.startup:startup-runtime:1.1.1
|    |    |    |    |    +--- androidx.annotation:annotation:1.1.0 -> 1.6.0 (*)
|    |    |    |    |    \--- androidx.tracing:tracing:1.0.0
|    |    |    |    |         \--- androidx.annotation:annotation:1.1.0 -> 1.6.0 (*)
|    |    |    |    \--- com.google.guava:listenablefuture:1.0 -> 9999.0-empty-to-avoid-conflict-with-guava
|    |    |    +--- org.jetbrains.kotlin:kotlin-stdlib:1.8.22 -> 2.2.10 (*)
|    |    |    +--- androidx.lifecycle:lifecycle-common:2.7.0 (c)
|    |    |    +--- androidx.lifecycle:lifecycle-livedata-core-ktx:2.7.0 (c)
|    |    |    +--- androidx.lifecycle:lifecycle-process:2.7.0 (c)
|    |    |    +--- androidx.lifecycle:lifecycle-runtime-ktx:2.7.0 (c)
|    |    |    +--- androidx.lifecycle:lifecycle-viewmodel:2.7.0 (c)
|    |    |    +--- androidx.lifecycle:lifecycle-viewmodel-ktx:2.7.0 (c)
|    |    |    +--- androidx.lifecycle:lifecycle-viewmodel-savedstate:2.7.0 (c)
|    |    |    +--- androidx.lifecycle:lifecycle-livedata-core:2.7.0 (c)
|    |    |    \--- androidx.lifecycle:lifecycle-livedata:2.7.0 (c)
|    |    +--- androidx.versionedparcelable:versionedparcelable:1.1.1
|    |    |    +--- androidx.annotation:annotation:1.1.0 -> 1.6.0 (*)
|    |    |    \--- androidx.collection:collection:1.0.0 -> 1.1.0 (*)
|    |    +--- org.jetbrains.kotlin:kotlin-stdlib:1.8.22 -> 2.2.10 (*)
|    |    \--- androidx.core:core-ktx:1.13.0 (c)
|    +--- org.jetbrains.kotlin:kotlin-stdlib:1.8.22 -> 2.2.10 (*)
|    \--- androidx.core:core:1.13.0 (c)
+--- androidx.appcompat:appcompat:1.7.0
|    +--- androidx.activity:activity:1.7.0 -> 1.9.0
|    |    +--- androidx.annotation:annotation:1.1.0 -> 1.6.0 (*)
|    |    +--- androidx.collection:collection:1.0.0 -> 1.1.0 (*)
|    |    +--- androidx.core:core:1.13.0 (*)
|    |    +--- androidx.lifecycle:lifecycle-runtime:2.6.1 -> 2.7.0 (*)
|    |    +--- androidx.lifecycle:lifecycle-viewmodel:2.6.1 -> 2.7.0
|    |    |    +--- androidx.annotation:annotation:1.1.0 -> 1.6.0 (*)
|    |    |    +--- org.jetbrains.kotlin:kotlin-stdlib:1.8.22 -> 2.2.10 (*)
|    |    |    +--- androidx.lifecycle:lifecycle-common:2.7.0 (c)
|    |    |    +--- androidx.lifecycle:lifecycle-livedata-core-ktx:2.7.0 (c)
|    |    |    +--- androidx.lifecycle:lifecycle-process:2.7.0 (c)
|    |    |    +--- androidx.lifecycle:lifecycle-runtime:2.7.0 (c)
|    |    |    +--- androidx.lifecycle:lifecycle-runtime-ktx:2.7.0 (c)
|    |    |    +--- androidx.lifecycle:lifecycle-viewmodel-ktx:2.7.0 (c)
|    |    |    +--- androidx.lifecycle:lifecycle-viewmodel-savedstate:2.7.0 (c)
|    |    |    +--- androidx.lifecycle:lifecycle-livedata-core:2.7.0 (c)
|    |    |    \--- androidx.lifecycle:lifecycle-livedata:2.7.0 (c)
|    |    +--- androidx.lifecycle:lifecycle-viewmodel-savedstate:2.6.1 -> 2.7.0
|    |    |    +--- androidx.annotation:annotation:1.0.0 -> 1.6.0 (*)
|    |    |    +--- androidx.core:core-ktx:1.2.0 -> 1.13.0 (*)
|    |    |    +--- androidx.lifecycle:lifecycle-livedata-core:2.7.0
|    |    |    |    +--- androidx.arch.core:core-common:2.2.0 (*)
|    |    |    |    +--- androidx.arch.core:core-runtime:2.2.0 (*)
|    |    |    |    +--- androidx.lifecycle:lifecycle-common:2.7.0 (*)
|    |    |    |    +--- org.jetbrains.kotlin:kotlin-stdlib:1.8.22 -> 2.2.10 (*)
|    |    |    |    +--- androidx.lifecycle:lifecycle-common:2.7.0 (c)
|    |    |    |    +--- androidx.lifecycle:lifecycle-livedata:2.7.0 (c)
|    |    |    |    +--- androidx.lifecycle:lifecycle-livedata-core-ktx:2.7.0 (c)
|    |    |    |    +--- androidx.lifecycle:lifecycle-process:2.7.0 (c)
|    |    |    |    +--- androidx.lifecycle:lifecycle-runtime:2.7.0 (c)
|    |    |    |    +--- androidx.lifecycle:lifecycle-runtime-ktx:2.7.0 (c)
|    |    |    |    +--- androidx.lifecycle:lifecycle-viewmodel:2.7.0 (c)
|    |    |    |    +--- androidx.lifecycle:lifecycle-viewmodel-ktx:2.7.0 (c)
|    |    |    |    \--- androidx.lifecycle:lifecycle-viewmodel-savedstate:2.7.0 (c)
|    |    |    +--- androidx.lifecycle:lifecycle-viewmodel:2.7.0 (*)
|    |    |    +--- androidx.savedstate:savedstate:1.2.1
|    |    |    |    +--- androidx.annotation:annotation:1.1.0 -> 1.6.0 (*)
|    |    |    |    +--- androidx.arch.core:core-common:2.1.0 -> 2.2.0 (*)
|    |    |    |    +--- androidx.lifecycle:lifecycle-common:2.6.1 -> 2.7.0 (*)
|    |    |    |    +--- org.jetbrains.kotlin:kotlin-stdlib:1.8.10 -> 2.2.10 (*)
|    |    |    |    \--- androidx.savedstate:savedstate-ktx:1.2.1 (c)
|    |    |    +--- org.jetbrains.kotlin:kotlin-stdlib:1.8.22 -> 2.2.10 (*)
|    |    |    +--- org.jetbrains.kotlinx:kotlinx-coroutines-android:1.7.1 -> 1.8.0 (*)
|    |    |    +--- androidx.lifecycle:lifecycle-common:2.7.0 (c)
|    |    |    +--- androidx.lifecycle:lifecycle-livedata-core:2.7.0 (c)
|    |    |    +--- androidx.lifecycle:lifecycle-livedata-core-ktx:2.7.0 (c)
|    |    |    +--- androidx.lifecycle:lifecycle-process:2.7.0 (c)
|    |    |    +--- androidx.lifecycle:lifecycle-runtime:2.7.0 (c)
|    |    |    +--- androidx.lifecycle:lifecycle-runtime-ktx:2.7.0 (c)
|    |    |    +--- androidx.lifecycle:lifecycle-viewmodel:2.7.0 (c)
|    |    |    +--- androidx.lifecycle:lifecycle-viewmodel-ktx:2.7.0 (c)
|    |    |    \--- androidx.lifecycle:lifecycle-livedata:2.7.0 (c)
|    |    +--- androidx.profileinstaller:profileinstaller:1.3.1 (*)
|    |    +--- androidx.savedstate:savedstate:1.2.1 (*)
|    |    +--- androidx.tracing:tracing:1.0.0 (*)
|    |    +--- org.jetbrains.kotlin:kotlin-stdlib:1.8.22 -> 2.2.10 (*)
|    |    \--- androidx.activity:activity-ktx:1.9.0 (c)
|    +--- androidx.annotation:annotation:1.3.0 -> 1.6.0 (*)
|    +--- androidx.appcompat:appcompat-resources:1.7.0
|    |    +--- androidx.annotation:annotation:1.2.0 -> 1.6.0 (*)
|    |    +--- androidx.collection:collection:1.0.0 -> 1.1.0 (*)
|    |    +--- androidx.core:core:1.6.0 -> 1.13.0 (*)
|    |    +--- androidx.vectordrawable:vectordrawable:1.1.0
|    |    |    +--- androidx.annotation:annotation:1.1.0 -> 1.6.0 (*)
|    |    |    +--- androidx.core:core:1.1.0 -> 1.13.0 (*)
|    |    |    \--- androidx.collection:collection:1.1.0 (*)
|    |    +--- androidx.vectordrawable:vectordrawable-animated:1.1.0
|    |    |    +--- androidx.vectordrawable:vectordrawable:1.1.0 (*)
|    |    |    +--- androidx.interpolator:interpolator:1.0.0 (*)
|    |    |    \--- androidx.collection:collection:1.1.0 (*)
|    |    \--- androidx.appcompat:appcompat:1.7.0 (c)
|    +--- androidx.collection:collection:1.0.0 -> 1.1.0 (*)
|    +--- androidx.core:core:1.13.0 (*)
|    +--- androidx.core:core-ktx:1.13.0 (*)
|    +--- androidx.cursoradapter:cursoradapter:1.0.0
|    |    \--- androidx.annotation:annotation:1.0.0 -> 1.6.0 (*)
|    +--- androidx.drawerlayout:drawerlayout:1.0.0 -> 1.1.1
|    |    +--- androidx.annotation:annotation:1.1.0 -> 1.6.0 (*)
|    |    +--- androidx.core:core:1.2.0 -> 1.13.0 (*)
|    |    \--- androidx.customview:customview:1.1.0
|    |         +--- androidx.annotation:annotation:1.1.0 -> 1.6.0 (*)
|    |         +--- androidx.core:core:1.3.0 -> 1.13.0 (*)
|    |         \--- androidx.collection:collection:1.1.0 (*)
|    +--- androidx.emoji2:emoji2:1.3.0
|    |    +--- androidx.annotation:annotation:1.2.0 -> 1.6.0 (*)
|    |    +--- androidx.collection:collection:1.1.0 (*)
|    |    +--- androidx.core:core:1.3.0 -> 1.13.0 (*)
|    |    +--- androidx.lifecycle:lifecycle-process:2.4.1 -> 2.7.0
|    |    |    +--- androidx.annotation:annotation:1.2.0 -> 1.6.0 (*)
|    |    |    +--- androidx.lifecycle:lifecycle-runtime:2.7.0 (*)
|    |    |    +--- androidx.startup:startup-runtime:1.1.1 (*)
|    |    |    +--- org.jetbrains.kotlin:kotlin-stdlib:1.8.22 -> 2.2.10 (*)
|    |    |    +--- androidx.lifecycle:lifecycle-common:2.7.0 (c)
|    |    |    +--- androidx.lifecycle:lifecycle-livedata-core:2.7.0 (c)
|    |    |    +--- androidx.lifecycle:lifecycle-livedata-core-ktx:2.7.0 (c)
|    |    |    +--- androidx.lifecycle:lifecycle-runtime:2.7.0 (c)
|    |    |    +--- androidx.lifecycle:lifecycle-runtime-ktx:2.7.0 (c)
|    |    |    +--- androidx.lifecycle:lifecycle-viewmodel:2.7.0 (c)
|    |    |    +--- androidx.lifecycle:lifecycle-viewmodel-ktx:2.7.0 (c)
|    |    |    +--- androidx.lifecycle:lifecycle-viewmodel-savedstate:2.7.0 (c)
|    |    |    \--- androidx.lifecycle:lifecycle-livedata:2.7.0 (c)
|    |    +--- androidx.startup:startup-runtime:1.0.0 -> 1.1.1 (*)
|    |    \--- androidx.emoji2:emoji2-views-helper:1.3.0 (c)
|    +--- androidx.emoji2:emoji2-views-helper:1.2.0 -> 1.3.0
|    |    +--- androidx.collection:collection:1.1.0 (*)
|    |    +--- androidx.core:core:1.3.0 -> 1.13.0 (*)
|    |    +--- androidx.emoji2:emoji2:1.3.0 (*)
|    |    \--- androidx.emoji2:emoji2:1.3.0 (c)
|    +--- androidx.fragment:fragment:1.5.4 -> 1.7.0
|    |    +--- androidx.activity:activity:1.8.1 -> 1.9.0 (*)
|    |    +--- androidx.annotation:annotation:1.1.0 -> 1.6.0 (*)
|    |    +--- androidx.annotation:annotation-experimental:1.4.0 (*)
|    |    +--- androidx.collection:collection:1.1.0 (*)
|    |    +--- androidx.core:core-ktx:1.2.0 -> 1.13.0 (*)
|    |    +--- androidx.lifecycle:lifecycle-livedata-core:2.6.1 -> 2.7.0 (*)
|    |    +--- androidx.lifecycle:lifecycle-runtime:2.6.1 -> 2.7.0 (*)
|    |    +--- androidx.lifecycle:lifecycle-viewmodel:2.6.1 -> 2.7.0 (*)
|    |    +--- androidx.lifecycle:lifecycle-viewmodel-savedstate:2.6.1 -> 2.7.0 (*)
|    |    +--- androidx.loader:loader:1.0.0
|    |    |    +--- androidx.annotation:annotation:1.0.0 -> 1.6.0 (*)
|    |    |    +--- androidx.core:core:1.0.0 -> 1.13.0 (*)
|    |    |    +--- androidx.lifecycle:lifecycle-livedata:2.0.0 -> 2.7.0
|    |    |    |    +--- androidx.arch.core:core-common:2.2.0 (*)
|    |    |    |    +--- androidx.arch.core:core-runtime:2.2.0 (*)
|    |    |    |    +--- androidx.lifecycle:lifecycle-livedata-core:2.7.0 (*)
|    |    |    |    +--- androidx.lifecycle:lifecycle-livedata-core-ktx:2.7.0
|    |    |    |    |    +--- androidx.lifecycle:lifecycle-livedata-core:2.7.0 (*)
|    |    |    |    |    +--- org.jetbrains.kotlin:kotlin-stdlib:1.8.22 -> 2.2.10 (*)
|    |    |    |    |    +--- androidx.lifecycle:lifecycle-common:2.7.0 (c)
|    |    |    |    |    +--- androidx.lifecycle:lifecycle-livedata-core:2.7.0 (c)
|    |    |    |    |    +--- androidx.lifecycle:lifecycle-process:2.7.0 (c)
|    |    |    |    |    +--- androidx.lifecycle:lifecycle-runtime:2.7.0 (c)
|    |    |    |    |    +--- androidx.lifecycle:lifecycle-runtime-ktx:2.7.0 (c)
|    |    |    |    |    +--- androidx.lifecycle:lifecycle-viewmodel:2.7.0 (c)
|    |    |    |    |    +--- androidx.lifecycle:lifecycle-viewmodel-ktx:2.7.0 (c)
|    |    |    |    |    +--- androidx.lifecycle:lifecycle-viewmodel-savedstate:2.7.0 (c)
|    |    |    |    |    \--- androidx.lifecycle:lifecycle-livedata:2.7.0 (c)
|    |    |    |    +--- org.jetbrains.kotlin:kotlin-stdlib:1.8.22 -> 2.2.10 (*)
|    |    |    |    +--- org.jetbrains.kotlinx:kotlinx-coroutines-core:1.7.1 -> 1.8.0 (*)
|    |    |    |    +--- androidx.lifecycle:lifecycle-common:2.7.0 (c)
|    |    |    |    +--- androidx.lifecycle:lifecycle-livedata-core:2.7.0 (c)
|    |    |    |    +--- androidx.lifecycle:lifecycle-livedata-core-ktx:2.7.0 (c)
|    |    |    |    +--- androidx.lifecycle:lifecycle-process:2.7.0 (c)
|    |    |    |    +--- androidx.lifecycle:lifecycle-runtime:2.7.0 (c)
|    |    |    |    +--- androidx.lifecycle:lifecycle-runtime-ktx:2.7.0 (c)
|    |    |    |    +--- androidx.lifecycle:lifecycle-viewmodel:2.7.0 (c)
|    |    |    |    +--- androidx.lifecycle:lifecycle-viewmodel-ktx:2.7.0 (c)
|    |    |    |    \--- androidx.lifecycle:lifecycle-viewmodel-savedstate:2.7.0 (c)
|    |    |    \--- androidx.lifecycle:lifecycle-viewmodel:2.0.0 -> 2.7.0 (*)
|    |    +--- androidx.profileinstaller:profileinstaller:1.3.1 (*)
|    |    +--- androidx.savedstate:savedstate:1.2.1 (*)
|    |    +--- androidx.viewpager:viewpager:1.0.0
|    |    |    +--- androidx.annotation:annotation:1.0.0 -> 1.6.0 (*)
|    |    |    +--- androidx.core:core:1.0.0 -> 1.13.0 (*)
|    |    |    \--- androidx.customview:customview:1.0.0 -> 1.1.0 (*)
|    |    +--- org.jetbrains.kotlin:kotlin-stdlib:1.8.22 -> 2.2.10 (*)
|    |    \--- androidx.fragment:fragment-ktx:1.7.0 (c)
|    +--- androidx.lifecycle:lifecycle-runtime:2.6.1 -> 2.7.0 (*)
|    +--- androidx.lifecycle:lifecycle-viewmodel:2.6.1 -> 2.7.0 (*)
|    +--- androidx.profileinstaller:profileinstaller:1.3.1 (*)
|    +--- androidx.resourceinspection:resourceinspection-annotation:1.0.1
|    |    \--- androidx.annotation:annotation:1.1.0 -> 1.6.0 (*)
|    +--- androidx.savedstate:savedstate:1.2.1 (*)
|    +--- org.jetbrains.kotlin:kotlin-stdlib:1.8.22 -> 2.2.10 (*)
|    \--- androidx.appcompat:appcompat-resources:1.7.0 (c)
+--- com.google.android.material:material:1.12.0
|    +--- org.jetbrains.kotlin:kotlin-bom:1.8.22
|    |    +--- org.jetbrains.kotlin:kotlin-stdlib:1.8.22 -> 2.2.10 (c)
|    |    +--- org.jetbrains.kotlin:kotlin-stdlib-jdk8:1.8.22 -> 1.9.10 (c)
|    |    +--- org.jetbrains.kotlin:kotlin-stdlib-common:1.8.22 -> 2.2.10 (c)
|    |    \--- org.jetbrains.kotlin:kotlin-stdlib-jdk7:1.8.22 -> 1.9.10 (c)
|    +--- com.google.errorprone:error_prone_annotations:2.15.0
|    +--- androidx.activity:activity:1.8.0 -> 1.9.0 (*)
|    +--- androidx.annotation:annotation:1.2.0 -> 1.6.0 (*)
|    +--- androidx.appcompat:appcompat:1.6.1 -> 1.7.0 (*)
|    +--- androidx.cardview:cardview:1.0.0
|    |    \--- androidx.annotation:annotation:1.0.0 -> 1.6.0 (*)
|    +--- androidx.coordinatorlayout:coordinatorlayout:1.1.0
|    |    +--- androidx.annotation:annotation:1.1.0 -> 1.6.0 (*)
|    |    +--- androidx.core:core:1.1.0 -> 1.13.0 (*)
|    |    +--- androidx.customview:customview:1.0.0 -> 1.1.0 (*)
|    |    \--- androidx.collection:collection:1.0.0 -> 1.1.0 (*)
|    +--- androidx.constraintlayout:constraintlayout:2.0.1
|    |    +--- androidx.appcompat:appcompat:1.2.0 -> 1.7.0 (*)
|    |    +--- androidx.core:core:1.3.1 -> 1.13.0 (*)
|    |    \--- androidx.constraintlayout:constraintlayout-solver:2.0.1
|    +--- androidx.core:core:1.6.0 -> 1.13.0 (*)
|    +--- androidx.drawerlayout:drawerlayout:1.1.1 (*)
|    +--- androidx.dynamicanimation:dynamicanimation:1.0.0
|    |    +--- androidx.core:core:1.0.0 -> 1.13.0 (*)
|    |    +--- androidx.collection:collection:1.0.0 -> 1.1.0 (*)
|    |    \--- androidx.legacy:legacy-support-core-utils:1.0.0
|    |         +--- androidx.annotation:annotation:1.0.0 -> 1.6.0 (*)
|    |         +--- androidx.core:core:1.0.0 -> 1.13.0 (*)
|    |         +--- androidx.documentfile:documentfile:1.0.0
|    |         |    \--- androidx.annotation:annotation:1.0.0 -> 1.6.0 (*)
|    |         +--- androidx.loader:loader:1.0.0 (*)
|    |         +--- androidx.localbroadcastmanager:localbroadcastmanager:1.0.0
|    |         |    \--- androidx.annotation:annotation:1.0.0 -> 1.6.0 (*)
|    |         \--- androidx.print:print:1.0.0
|    |              \--- androidx.annotation:annotation:1.0.0 -> 1.6.0 (*)
|    +--- androidx.annotation:annotation-experimental:1.0.0 -> 1.4.0 (*)
|    +--- androidx.fragment:fragment:1.2.5 -> 1.7.0 (*)
|    +--- androidx.lifecycle:lifecycle-runtime:2.0.0 -> 2.7.0 (*)
|    +--- androidx.recyclerview:recyclerview:1.0.0 -> 1.3.2
|    |    +--- androidx.annotation:annotation:1.1.0 -> 1.6.0 (*)
|    |    +--- androidx.collection:collection:1.0.0 -> 1.1.0 (*)
|    |    +--- androidx.core:core:1.7.0 -> 1.13.0 (*)
|    |    +--- androidx.customview:customview:1.0.0 -> 1.1.0 (*)
|    |    +--- androidx.customview:customview-poolingcontainer:1.0.0
|    |    |    +--- androidx.core:core-ktx:1.5.0 -> 1.13.0 (*)
|    |    |    \--- org.jetbrains.kotlin:kotlin-stdlib:1.6.21 -> 2.2.10 (*)
|    |    \--- androidx.viewpager2:viewpager2:1.1.0-beta02 (c)
|    +--- androidx.resourceinspection:resourceinspection-annotation:1.0.1 (*)
|    +--- androidx.transition:transition:1.5.0
|    |    +--- androidx.annotation:annotation:1.2.0 -> 1.6.0 (*)
|    |    +--- androidx.collection:collection:1.1.0 (*)
|    |    +--- androidx.core:core:1.13.0 (*)
|    |    \--- androidx.dynamicanimation:dynamicanimation:1.0.0 (*)
|    +--- androidx.vectordrawable:vectordrawable:1.1.0 (*)
|    \--- androidx.viewpager2:viewpager2:1.0.0 -> 1.1.0-beta02
|         +--- androidx.annotation:annotation:1.1.0 -> 1.6.0 (*)
|         +--- androidx.annotation:annotation-experimental:1.3.0 -> 1.4.0 (*)
|         +--- androidx.collection:collection:1.1.0 (*)
|         +--- androidx.core:core:1.3.2 -> 1.13.0 (*)
|         +--- androidx.fragment:fragment:1.1.0 -> 1.7.0 (*)
|         \--- androidx.recyclerview:recyclerview:1.3.1-rc01 -> 1.3.2 (*)
+--- androidx.recyclerview:recyclerview:1.3.2 (*)
+--- androidx.lifecycle:lifecycle-runtime-ktx:2.7.0
|    +--- androidx.annotation:annotation:1.0.0 -> 1.6.0 (*)
|    +--- androidx.lifecycle:lifecycle-runtime:2.7.0 (*)
|    +--- org.jetbrains.kotlin:kotlin-stdlib:1.8.22 -> 2.2.10 (*)
|    +--- org.jetbrains.kotlinx:kotlinx-coroutines-android:1.7.1 -> 1.8.0 (*)
|    +--- androidx.lifecycle:lifecycle-runtime:2.7.0 (c)
|    +--- androidx.lifecycle:lifecycle-viewmodel:2.7.0 (c)
|    +--- androidx.lifecycle:lifecycle-viewmodel-ktx:2.7.0 (c)
|    +--- androidx.lifecycle:lifecycle-livedata-core-ktx:2.7.0 (c)
|    +--- androidx.lifecycle:lifecycle-process:2.7.0 (c)
|    +--- androidx.lifecycle:lifecycle-common:2.7.0 (c)
|    +--- androidx.lifecycle:lifecycle-viewmodel-savedstate:2.7.0 (c)
|    +--- androidx.lifecycle:lifecycle-livedata-core:2.7.0 (c)
|    \--- androidx.lifecycle:lifecycle-livedata:2.7.0 (c)
+--- androidx.activity:activity-ktx:1.9.0
|    +--- androidx.activity:activity:1.9.0 (*)
|    +--- androidx.core:core-ktx:1.13.0 (*)
|    +--- androidx.lifecycle:lifecycle-runtime-ktx:2.6.1 -> 2.7.0 (*)
|    +--- androidx.lifecycle:lifecycle-viewmodel-ktx:2.6.1 -> 2.7.0
|    |    +--- androidx.lifecycle:lifecycle-viewmodel:2.7.0 (*)
|    |    +--- org.jetbrains.kotlin:kotlin-stdlib:1.8.22 -> 2.2.10 (*)
|    |    +--- org.jetbrains.kotlinx:kotlinx-coroutines-android:1.7.1 -> 1.8.0 (*)
|    |    +--- androidx.lifecycle:lifecycle-common:2.7.0 (c)
|    |    +--- androidx.lifecycle:lifecycle-livedata-core-ktx:2.7.0 (c)
|    |    +--- androidx.lifecycle:lifecycle-process:2.7.0 (c)
|    |    +--- androidx.lifecycle:lifecycle-runtime:2.7.0 (c)
|    |    +--- androidx.lifecycle:lifecycle-runtime-ktx:2.7.0 (c)
|    |    +--- androidx.lifecycle:lifecycle-viewmodel:2.7.0 (c)
|    |    +--- androidx.lifecycle:lifecycle-viewmodel-savedstate:2.7.0 (c)
|    |    +--- androidx.lifecycle:lifecycle-livedata-core:2.7.0 (c)
|    |    \--- androidx.lifecycle:lifecycle-livedata:2.7.0 (c)
|    +--- androidx.savedstate:savedstate-ktx:1.2.1
|    |    +--- androidx.savedstate:savedstate:1.2.1 (*)
|    |    +--- org.jetbrains.kotlin:kotlin-stdlib:1.8.10 -> 2.2.10 (*)
|    |    \--- androidx.savedstate:savedstate:1.2.1 (c)
|    +--- org.jetbrains.kotlin:kotlin-stdlib:1.8.22 -> 2.2.10 (*)
|    \--- androidx.activity:activity:1.9.0 (c)
+--- androidx.fragment:fragment-ktx:1.7.0
|    +--- androidx.activity:activity-ktx:1.8.1 -> 1.9.0 (*)
|    +--- androidx.collection:collection-ktx:1.1.0
|    |    +--- org.jetbrains.kotlin:kotlin-stdlib:1.3.20 -> 2.2.10 (*)
|    |    \--- androidx.collection:collection:1.1.0 (*)
|    +--- androidx.core:core-ktx:1.2.0 -> 1.13.0 (*)
|    +--- androidx.fragment:fragment:1.7.0 (*)
|    +--- androidx.lifecycle:lifecycle-livedata-core-ktx:2.6.1 -> 2.7.0 (*)
|    +--- androidx.lifecycle:lifecycle-viewmodel-ktx:2.6.1 -> 2.7.0 (*)
|    +--- androidx.savedstate:savedstate-ktx:1.2.1 (*)
|    +--- org.jetbrains.kotlin:kotlin-stdlib:1.8.22 -> 2.2.10 (*)
|    \--- androidx.fragment:fragment:1.7.0 (c)
+--- org.jetbrains.kotlinx:kotlinx-coroutines-android:1.8.0 (*)
+--- com.squareup.okhttp3:okhttp:4.12.0
|    +--- com.squareup.okio:okio:3.6.0
|    |    \--- com.squareup.okio:okio-jvm:3.6.0
|    |         +--- org.jetbrains.kotlin:kotlin-stdlib-jdk8:1.9.10
|    |         |    +--- org.jetbrains.kotlin:kotlin-stdlib:1.9.10 -> 2.2.10 (*)
|    |         |    \--- org.jetbrains.kotlin:kotlin-stdlib-jdk7:1.9.10
|    |         |         \--- org.jetbrains.kotlin:kotlin-stdlib:1.9.10 -> 2.2.10 (*)
|    |         \--- org.jetbrains.kotlin:kotlin-stdlib-common:1.9.10 -> 2.2.10
|    |              \--- org.jetbrains.kotlin:kotlin-stdlib:2.2.10 (*)
|    \--- org.jetbrains.kotlin:kotlin-stdlib-jdk8:1.8.21 -> 1.9.10 (*)
+--- androidx.media3:media3-exoplayer:1.11.0
|    +--- androidx.annotation:annotation:1.6.0 (*)
|    +--- androidx.exifinterface:exifinterface:1.3.6
|    |    \--- androidx.annotation:annotation:1.2.0 -> 1.6.0 (*)
|    +--- androidx.media3:media3-common:1.11.0
|    |    +--- androidx.annotation:annotation:1.6.0 (*)
|    |    +--- com.google.guava:guava:33.3.1-android
|    |    |    +--- com.google.guava:failureaccess:1.0.2
|    |    |    \--- com.google.guava:listenablefuture:9999.0-empty-to-avoid-conflict-with-guava
|    |    +--- androidx.annotation:annotation-experimental:1.3.1 -> 1.4.0 (*)
|    |    +--- androidx.media3:media3-common:1.11.0 (c)
|    |    +--- androidx.media3:media3-container:1.11.0 (c)
|    |    +--- androidx.media3:media3-database:1.11.0 (c)
|    |    +--- androidx.media3:media3-datasource:1.11.0 (c)
|    |    +--- androidx.media3:media3-decoder:1.11.0 (c)
|    |    +--- androidx.media3:media3-exoplayer:1.11.0 (c)
|    |    +--- androidx.media3:media3-exoplayer-dash:1.11.0 (c)
|    |    +--- androidx.media3:media3-exoplayer-hls:1.11.0 (c)
|    |    +--- androidx.media3:media3-extractor:1.11.0 (c)
|    |    \--- androidx.media3:media3-ui:1.11.0 (c)
|    +--- androidx.media3:media3-container:1.11.0
|    |    +--- androidx.annotation:annotation:1.6.0 (*)
|    |    \--- androidx.media3:media3-common:1.11.0 (*)
|    +--- androidx.media3:media3-datasource:1.11.0
|    |    +--- androidx.annotation:annotation:1.6.0 (*)
|    |    +--- androidx.exifinterface:exifinterface:1.3.6 (*)
|    |    +--- androidx.media3:media3-common:1.11.0 (*)
|    |    \--- androidx.media3:media3-database:1.11.0
|    |         +--- androidx.annotation:annotation:1.6.0 (*)
|    |         \--- androidx.media3:media3-common:1.11.0 (*)
|    +--- androidx.media3:media3-decoder:1.11.0
|    |    +--- androidx.annotation:annotation:1.6.0 (*)
|    |    \--- androidx.media3:media3-common:1.11.0 (*)
|    +--- androidx.media3:media3-extractor:1.11.0
|    |    +--- androidx.annotation:annotation:1.6.0 (*)
|    |    +--- androidx.media3:media3-decoder:1.11.0 (*)
|    |    +--- androidx.media3:media3-common:1.11.0 (*)
|    |    \--- androidx.media3:media3-container:1.11.0 (*)
|    \--- androidx.media3:media3-database:1.11.0 (*)
+--- androidx.media3:media3-ui:1.11.0
|    +--- androidx.annotation:annotation:1.6.0 (*)
|    +--- androidx.recyclerview:recyclerview:1.3.0 -> 1.3.2 (*)
|    +--- androidx.media3:media3-common:1.11.0 (*)
|    \--- org.jetbrains.kotlin:kotlin-stdlib:2.2.10 (*)
+--- androidx.media3:media3-exoplayer-hls:1.11.0
|    +--- androidx.annotation:annotation:1.6.0 (*)
|    +--- androidx.concurrent:concurrent-futures:1.2.0 (*)
|    \--- androidx.media3:media3-exoplayer:1.11.0 (*)
\--- androidx.media3:media3-exoplayer-dash:1.11.0
     +--- androidx.annotation:annotation:1.6.0 (*)
     \--- androidx.media3:media3-exoplayer:1.11.0 (*)

(c) - A dependency constraint, not a dependency. The dependency affected by the constraint occurs elsewhere in the tree.
(*) - Indicates repeated occurrences of a transitive dependency subtree. Gradle expands transitive dependency subtrees only once per project; repeat occurrences only display the root of the subtree, followed by this annotation.

A web-based, searchable dependency report is available by adding the --scan option.
EXIT=0
